[INFO] Scanning for projects...
[INFO] 
[INFO] -------------------< org.example:JenkinsHelloWorld >--------------------
[INFO] Building JenkinsHelloWorld 1.0-SNAPSHOT
[INFO]   from pom.xml
[INFO] --------------------------------[ jar ]---------------------------------
[INFO] 
[INFO] --- clean:3.2.0:clean (default-clean) @ JenkinsHelloWorld ---
[INFO] Deleting C:\Users\utkar\MyCoding\Java_Programming_Codes\IntelliJ\JenkinsHelloWorld\target
[INFO] 
[INFO] --- resources:3.3.1:resources (default-resources) @ JenkinsHelloWorld ---
[INFO] Copying 0 resource from src\main\resources to target\classes
[INFO] 
[INFO] --- compiler:3.13.0:compile (default-compile) @ JenkinsHelloWorld ---
[INFO] Recompiling the module because of changed source code.
[INFO] Compiling 1 source file with javac [debug target 17] to target\classes
[INFO] 
[INFO] --- resources:3.3.1:testResources (default-testResources) @ JenkinsHelloWorld ---
[INFO] skip non existing resourceDirectory C:\Users\utkar\MyCoding\Java_Programming_Codes\IntelliJ\JenkinsHelloWorld\src\test\resources
[INFO] 
[INFO] --- compiler:3.13.0:testCompile (default-testCompile) @ JenkinsHelloWorld ---
[INFO] Recompiling the module because of changed dependency.
[INFO] Compiling 1 source file with javac [debug target 17] to target\test-classes
[INFO] 
[INFO] --- surefire:3.2.5:test (default-test) @ JenkinsHelloWorld ---
[INFO] 
[INFO] --- exec:3.0.0:java (test-exec) @ JenkinsHelloWorld ---
My-Jenkins-Hello-World
[INFO] ------------------------------------------------------------------------
[INFO] BUILD SUCCESS
[INFO] ------------------------------------------------------------------------
[INFO] Total time:  1.840 s
[INFO] Finished at: 2026-02-23T00:43:04+05:30
[INFO] ------------------------------------------------------------------------
